INFO [2026-09-16 17:44:41] Modify assessment limit and flag censored wages
SUCCESS [2026-09-16 17:44:41]  ->  limit_assess4, ln_limit_assess4 and cens added
INFO [2026-09-16 17:44:41] 355867 BeH wages (92%) are below the wage assessment limit
INFO [2026-09-16 17:44:41] 30337 BeH wages (8%) are above the wage assessment limit
INFO [2026-09-16 17:44:41] --------------------
INFO [2026-09-16 17:44:41] 7.330% of wages are censored for Missing Education
INFO [2026-09-16 17:44:41] 7.947% of wages are censored for Low Education
INFO [2026-09-16 17:44:41] 8.027% of wages are censored for Medium Education
INFO [2026-09-16 17:44:41] 7.454% of wages are censored for High Education
INFO [2026-09-16 17:44:41] --------------------
INFO [2026-09-16 17:44:41] For the highly educated in age range 18 to 25 7.799% of wages are censored
INFO [2026-09-16 17:44:41] For the highly educated in age range 25 to 30 8.116% of wages are censored
INFO [2026-09-16 17:44:41] For the highly educated in age range 30 to 35 8.088% of wages are censored
INFO [2026-09-16 17:44:41] For the highly educated in age range 35 to 40 7.407% of wages are censored
INFO [2026-09-16 17:44:41] For the highly educated in age range 40 to 45 7.654% of wages are censored
INFO [2026-09-16 17:44:41] For the highly educated in age range 45 to 50 7.145% of wages are censored
INFO [2026-09-16 17:44:41] For the highly educated in age range 50 to 55 7.251% of wages are censored
INFO [2026-09-16 17:44:41] For the highly educated in age range 55 to 60 6.462% of wages are censored
INFO [2026-09-16 17:44:41] --------------------
INFO [2026-09-16 17:44:41] 0.9% of wages are censored for Missing FT-Info employees
INFO [2026-09-16 17:44:41] 10.7% of wages are censored for Fulltime employees
INFO [2026-09-16 17:44:41] 0.6% of wages are censored for Parttime employees
INFO [2026-09-16 17:44:41] --------------------
INFO [2026-09-16 17:44:41] 7.850% of wages of Men are censored 
INFO [2026-09-16 17:44:41] 7.862% of wages of Women are censored 
INFO [2026-09-16 17:44:41] --------------------
INFO [2026-09-16 17:44:41] Preapering dependent variable for imputation
SUCCESS [2026-09-16 17:44:42]  ->  wage, ln_wage and ln_wage_cens variables added
INFO [2026-09-16 17:44:42] Preapering control variables for imputation
SUCCESS [2026-09-16 17:44:43]  ->  Controls variables for imputation added
INFO [2026-09-16 17:44:43] Starting imputation run for year=1975, educ= 1 and east = 0
SUCCESS [2026-09-16 17:44:43]  ->  Run finished and writen to temporary datatbase table
INFO [2026-09-16 17:44:43] Starting imputation run for year=1975, educ= 2 and east = 0
SUCCESS [2026-09-16 17:44:43]  ->  Run finished and writen to temporary datatbase table
INFO [2026-09-16 17:44:43] Starting imputation run for year=1975, educ= 3 and east = 0
SUCCESS [2026-09-16 17:44:43]  ->  Run finished and writen to temporary datatbase table
INFO [2026-09-16 17:44:43] Starting imputation run for year=1975, educ= 1 and east = 1
SUCCESS [2026-09-16 17:44:43]  ->  Run finished and writen to temporary datatbase table
INFO [2026-09-16 17:44:43] Starting imputation run for year=1975, educ= 2 and east = 1
SUCCESS [2026-09-16 17:44:43]  ->  Run finished and writen to temporary datatbase table
INFO [2026-09-16 17:44:44] Starting imputation run for year=1975, educ= 3 and east = 1
SUCCESS [2026-09-16 17:44:44]  ->  Run finished and writen to temporary datatbase table
INFO [2026-09-16 17:44:44] Starting imputation run for year=1976, educ= 1 and east = 0
SUCCESS [2026-09-16 17:44:44]  ->  Run finished and writen to temporary datatbase table
INFO [2026-09-16 17:44:44] Starting imputation run for year=1976, educ= 2 and east = 0
SUCCESS [2026-09-16 17:44:44]  ->  Run finished and writen to temporary datatbase table
INFO [2026-09-16 17:44:44] Starting imputation run for year=1976, educ= 3 and east = 0
SUCCESS [2026-09-16 17:44:44]  ->  Run finished and writen to temporary datatbase table
INFO [2026-09-16 17:44:44] Starting imputation run for year=1976, educ= 1 and east = 1
SUCCESS [2026-09-16 17:44:44]  ->  Run finished and writen to temporary datatbase table
INFO [2026-09-16 17:44:44] Starting imputation run for year=1976, educ= 2 and east = 1
SUCCESS [2026-09-16 17:44:44]  ->  Run finished and writen to temporary datatbase table
INFO [2026-09-16 17:44:44] Starting imputation run for year=1976, educ= 3 and east = 1
SUCCESS [2026-09-16 17:44:45]  ->  Run finished and writen to temporary datatbase table
INFO [2026-09-16 17:44:45] Starting imputation run for year=1977, educ= 1 and east = 0
SUCCESS [2026-09-16 17:44:45]  ->  Run finished and writen to temporary datatbase table
INFO [2026-09-16 17:44:45] Starting imputation run for year=1977, educ= 2 and east = 0
SUCCESS [2026-09-16 17:44:45]  ->  Run finished and writen to temporary datatbase table
INFO [2026-09-16 17:44:45] Starting imputation run for year=1977, educ= 3 and east = 0
SUCCESS [2026-09-16 17:44:45]  ->  Run finished and writen to temporary datatbase table
INFO [2026-09-16 17:44:45] Starting imputation run for year=1977, educ= 1 and east = 1
SUCCESS [2026-09-16 17:44:45]  ->  Run finished and writen to temporary datatbase table
INFO [2026-09-16 17:44:45] Starting imputation run for year=1977, educ= 2 and east = 1
SUCCESS [2026-09-16 17:44:45]  ->  Run finished and writen to temporary datatbase table
INFO [2026-09-16 17:44:45] Starting imputation run for year=1977, educ= 3 and east = 1
SUCCESS [2026-09-16 17:44:45]  ->  Run finished and writen to temporary datatbase table
INFO [2026-09-16 17:44:46] Starting imputation run for year=1978, educ= 1 and east = 0
SUCCESS [2026-09-16 17:44:46]  ->  Run finished and writen to temporary datatbase table
INFO [2026-09-16 17:44:46] Starting imputation run for year=1978, educ= 2 and east = 0
SUCCESS [2026-09-16 17:44:46]  ->  Run finished and writen to temporary datatbase table
INFO [2026-09-16 17:44:46] Starting imputation run for year=1978, educ= 3 and east = 0
SUCCESS [2026-09-16 17:44:46]  ->  Run finished and writen to temporary datatbase table
INFO [2026-09-16 17:44:46] Starting imputation run for year=1978, educ= 1 and east = 1
SUCCESS [2026-09-16 17:44:46]  ->  Run finished and writen to temporary datatbase table
INFO [2026-09-16 17:44:46] Starting imputation run for year=1978, educ= 2 and east = 1
SUCCESS [2026-09-16 17:44:46]  ->  Run finished and writen to temporary datatbase table
INFO [2026-09-16 17:44:46] Starting imputation run for year=1978, educ= 3 and east = 1
SUCCESS [2026-09-16 17:44:46]  ->  Run finished and writen to temporary datatbase table
INFO [2026-09-16 17:44:46] Starting imputation run for year=1979, educ= 1 and east = 0
SUCCESS [2026-09-16 17:44:46]  ->  Run finished and writen to temporary datatbase table
INFO [2026-09-16 17:44:47] Starting imputation run for year=1979, educ= 2 and east = 0
SUCCESS [2026-09-16 17:44:47]  ->  Run finished and writen to temporary datatbase table
INFO [2026-09-16 17:44:47] Starting imputation run for year=1979, educ= 3 and east = 0
SUCCESS [2026-09-16 17:44:47]  ->  Run finished and writen to temporary datatbase table
INFO [2026-09-16 17:44:47] Starting imputation run for year=1979, educ= 1 and east = 1
SUCCESS [2026-09-16 17:44:47]  ->  Run finished and writen to temporary datatbase table
INFO [2026-09-16 17:44:47] Starting imputation run for year=1979, educ= 2 and east = 1
SUCCESS [2026-09-16 17:44:47]  ->  Run finished and writen to temporary datatbase table
INFO [2026-09-16 17:44:47] Starting imputation run for year=1979, educ= 3 and east = 1
SUCCESS [2026-09-16 17:44:47]  ->  Run finished and writen to temporary datatbase table
INFO [2026-09-16 17:44:47] Starting imputation run for year=1980, educ= 1 and east = 0
SUCCESS [2026-09-16 17:44:47]  ->  Run finished and writen to temporary datatbase table
INFO [2026-09-16 17:44:48] Starting imputation run for year=1980, educ= 2 and east = 0
SUCCESS [2026-09-16 17:44:48]  ->  Run finished and writen to temporary datatbase table
INFO [2026-09-16 17:44:48] Starting imputation run for year=1980, educ= 3 and east = 0
SUCCESS [2026-09-16 17:44:48]  ->  Run finished and writen to temporary datatbase table
INFO [2026-09-16 17:44:48] Starting imputation run for year=1980, educ= 1 and east = 1
SUCCESS [2026-09-16 17:44:48]  ->  Run finished and writen to temporary datatbase table
INFO [2026-09-16 17:44:48] Starting imputation run for year=1980, educ= 2 and east = 1
SUCCESS [2026-09-16 17:44:48]  ->  Run finished and writen to temporary datatbase table
INFO [2026-09-16 17:44:48] Starting imputation run for year=1980, educ= 3 and east = 1
SUCCESS [2026-09-16 17:44:48]  ->  Run finished and writen to temporary datatbase table
INFO [2026-09-16 17:44:48] Starting imputation run for year=1981, educ= 1 and east = 0
SUCCESS [2026-09-16 17:44:48]  ->  Run finished and writen to temporary datatbase table
INFO [2026-09-16 17:44:48] Starting imputation run for year=1981, educ= 2 and east = 0
SUCCESS [2026-09-16 17:44:48]  ->  Run finished and writen to temporary datatbase table
INFO [2026-09-16 17:44:49] Starting imputation run for year=1981, educ= 3 and east = 0
SUCCESS [2026-09-16 17:44:49]  ->  Run finished and writen to temporary datatbase table
INFO [2026-09-16 17:44:49] Starting imputation run for year=1981, educ= 1 and east = 1
SUCCESS [2026-09-16 17:44:49]  ->  Run finished and writen to temporary datatbase table
INFO [2026-09-16 17:44:49] Starting imputation run for year=1981, educ= 2 and east = 1
SUCCESS [2026-09-16 17:44:49]  ->  Run finished and writen to temporary datatbase table
INFO [2026-09-16 17:44:49] Starting imputation run for year=1981, educ= 3 and east = 1
SUCCESS [2026-09-16 17:44:49]  ->  Run finished and writen to temporary datatbase table
INFO [2026-09-16 17:44:49] Starting imputation run for year=1982, educ= 1 and east = 0
SUCCESS [2026-09-16 17:44:49]  ->  Run finished and writen to temporary datatbase table
INFO [2026-09-16 17:44:49] Starting imputation run for year=1982, educ= 2 and east = 0
SUCCESS [2026-09-16 17:44:49]  ->  Run finished and writen to temporary datatbase table
INFO [2026-09-16 17:44:49] Starting imputation run for year=1982, educ= 3 and east = 0
SUCCESS [2026-09-16 17:44:50]  ->  Run finished and writen to temporary datatbase table
INFO [2026-09-16 17:44:50] Starting imputation run for year=1982, educ= 1 and east = 1
SUCCESS [2026-09-16 17:44:50]  ->  Run finished and writen to temporary datatbase table
INFO [2026-09-16 17:44:50] Starting imputation run for year=1982, educ= 2 and east = 1
SUCCESS [2026-09-16 17:44:50]  ->  Run finished and writen to temporary datatbase table
INFO [2026-09-16 17:44:50] Starting imputation run for year=1982, educ= 3 and east = 1
SUCCESS [2026-09-16 17:44:50]  ->  Run finished and writen to temporary datatbase table
INFO [2026-09-16 17:44:50] Starting imputation run for year=1983, educ= 1 and east = 0
SUCCESS [2026-09-16 17:44:50]  ->  Run finished and writen to temporary datatbase table
INFO [2026-09-16 17:44:50] Starting imputation run for year=1983, educ= 2 and east = 0
SUCCESS [2026-09-16 17:44:50]  ->  Run finished and writen to temporary datatbase table
INFO [2026-09-16 17:44:50] Starting imputation run for year=1983, educ= 3 and east = 0
SUCCESS [2026-09-16 17:44:50]  ->  Run finished and writen to temporary datatbase table
INFO [2026-09-16 17:44:50] Starting imputation run for year=1983, educ= 1 and east = 1
SUCCESS [2026-09-16 17:44:51]  ->  Run finished and writen to temporary datatbase table
INFO [2026-09-16 17:44:51] Starting imputation run for year=1983, educ= 2 and east = 1
SUCCESS [2026-09-16 17:44:51]  ->  Run finished and writen to temporary datatbase table
INFO [2026-09-16 17:44:51] Starting imputation run for year=1983, educ= 3 and east = 1
SUCCESS [2026-09-16 17:44:51]  ->  Run finished and writen to temporary datatbase table
INFO [2026-09-16 17:44:51] Starting imputation run for year=1984, educ= 1 and east = 0
SUCCESS [2026-09-16 17:44:51]  ->  Run finished and writen to temporary datatbase table
INFO [2026-09-16 17:44:51] Starting imputation run for year=1984, educ= 2 and east = 0
SUCCESS [2026-09-16 17:44:51]  ->  Run finished and writen to temporary datatbase table
INFO [2026-09-16 17:44:51] Starting imputation run for year=1984, educ= 3 and east = 0
SUCCESS [2026-09-16 17:44:51]  ->  Run finished and writen to temporary datatbase table
INFO [2026-09-16 17:44:51] Starting imputation run for year=1984, educ= 1 and east = 1
SUCCESS [2026-09-16 17:44:51]  ->  Run finished and writen to temporary datatbase table
INFO [2026-09-16 17:44:52] Starting imputation run for year=1984, educ= 2 and east = 1
SUCCESS [2026-09-16 17:44:52]  ->  Run finished and writen to temporary datatbase table
INFO [2026-09-16 17:44:52] Starting imputation run for year=1984, educ= 3 and east = 1
SUCCESS [2026-09-16 17:44:52]  ->  Run finished and writen to temporary datatbase table
INFO [2026-09-16 17:44:52] Starting imputation run for year=1985, educ= 1 and east = 0
SUCCESS [2026-09-16 17:44:52]  ->  Run finished and writen to temporary datatbase table
INFO [2026-09-16 17:44:52] Starting imputation run for year=1985, educ= 2 and east = 0
SUCCESS [2026-09-16 17:44:52]  ->  Run finished and writen to temporary datatbase table
INFO [2026-09-16 17:44:52] Starting imputation run for year=1985, educ= 3 and east = 0
SUCCESS [2026-09-16 17:44:52]  ->  Run finished and writen to temporary datatbase table
INFO [2026-09-16 17:44:52] Starting imputation run for year=1985, educ= 1 and east = 1
SUCCESS [2026-09-16 17:44:52]  ->  Run finished and writen to temporary datatbase table
INFO [2026-09-16 17:44:52] Starting imputation run for year=1985, educ= 2 and east = 1
SUCCESS [2026-09-16 17:44:52]  ->  Run finished and writen to temporary datatbase table
INFO [2026-09-16 17:44:53] Starting imputation run for year=1985, educ= 3 and east = 1
SUCCESS [2026-09-16 17:44:53]  ->  Run finished and writen to temporary datatbase table
INFO [2026-09-16 17:44:53] Starting imputation run for year=1986, educ= 1 and east = 0
SUCCESS [2026-09-16 17:44:53]  ->  Run finished and writen to temporary datatbase table
INFO [2026-09-16 17:44:53] Starting imputation run for year=1986, educ= 2 and east = 0
SUCCESS [2026-09-16 17:44:53]  ->  Run finished and writen to temporary datatbase table
INFO [2026-09-16 17:44:53] Starting imputation run for year=1986, educ= 3 and east = 0
SUCCESS [2026-09-16 17:44:53]  ->  Run finished and writen to temporary datatbase table
INFO [2026-09-16 17:44:53] Starting imputation run for year=1986, educ= 1 and east = 1
SUCCESS [2026-09-16 17:44:53]  ->  Run finished and writen to temporary datatbase table
INFO [2026-09-16 17:44:53] Starting imputation run for year=1986, educ= 2 and east = 1
SUCCESS [2026-09-16 17:44:53]  ->  Run finished and writen to temporary datatbase table
INFO [2026-09-16 17:44:53] Starting imputation run for year=1986, educ= 3 and east = 1
SUCCESS [2026-09-16 17:44:54]  ->  Run finished and writen to temporary datatbase table
INFO [2026-09-16 17:44:54] Starting imputation run for year=1987, educ= 1 and east = 0
SUCCESS [2026-09-16 17:44:54]  ->  Run finished and writen to temporary datatbase table
INFO [2026-09-16 17:44:54] Starting imputation run for year=1987, educ= 2 and east = 0
SUCCESS [2026-09-16 17:44:54]  ->  Run finished and writen to temporary datatbase table
INFO [2026-09-16 17:44:54] Starting imputation run for year=1987, educ= 3 and east = 0
SUCCESS [2026-09-16 17:44:54]  ->  Run finished and writen to temporary datatbase table
INFO [2026-09-16 17:44:54] Starting imputation run for year=1987, educ= 1 and east = 1
SUCCESS [2026-09-16 17:44:54]  ->  Run finished and writen to temporary datatbase table
INFO [2026-09-16 17:44:54] Starting imputation run for year=1987, educ= 2 and east = 1
SUCCESS [2026-09-16 17:44:54]  ->  Run finished and writen to temporary datatbase table
INFO [2026-09-16 17:44:54] Starting imputation run for year=1987, educ= 3 and east = 1
SUCCESS [2026-09-16 17:44:54]  ->  Run finished and writen to temporary datatbase table
INFO [2026-09-16 17:44:54] Starting imputation run for year=1988, educ= 1 and east = 0
SUCCESS [2026-09-16 17:44:55]  ->  Run finished and writen to temporary datatbase table
INFO [2026-09-16 17:44:55] Starting imputation run for year=1988, educ= 2 and east = 0
SUCCESS [2026-09-16 17:44:55]  ->  Run finished and writen to temporary datatbase table
INFO [2026-09-16 17:44:55] Starting imputation run for year=1988, educ= 3 and east = 0
SUCCESS [2026-09-16 17:44:55]  ->  Run finished and writen to temporary datatbase table
INFO [2026-09-16 17:44:55] Starting imputation run for year=1988, educ= 1 and east = 1
SUCCESS [2026-09-16 17:44:55]  ->  Run finished and writen to temporary datatbase table
INFO [2026-09-16 17:44:55] Starting imputation run for year=1988, educ= 2 and east = 1
SUCCESS [2026-09-16 17:44:55]  ->  Run finished and writen to temporary datatbase table
INFO [2026-09-16 17:44:55] Starting imputation run for year=1988, educ= 3 and east = 1
SUCCESS [2026-09-16 17:44:55]  ->  Run finished and writen to temporary datatbase table
INFO [2026-09-16 17:44:55] Starting imputation run for year=1989, educ= 1 and east = 0
SUCCESS [2026-09-16 17:44:55]  ->  Run finished and writen to temporary datatbase table
INFO [2026-09-16 17:44:56] Starting imputation run for year=1989, educ= 2 and east = 0
SUCCESS [2026-09-16 17:44:56]  ->  Run finished and writen to temporary datatbase table
INFO [2026-09-16 17:44:56] Starting imputation run for year=1989, educ= 3 and east = 0
SUCCESS [2026-09-16 17:44:56]  ->  Run finished and writen to temporary datatbase table
INFO [2026-09-16 17:44:56] Starting imputation run for year=1989, educ= 1 and east = 1
SUCCESS [2026-09-16 17:44:56]  ->  Run finished and writen to temporary datatbase table
INFO [2026-09-16 17:44:56] Starting imputation run for year=1989, educ= 2 and east = 1
SUCCESS [2026-09-16 17:44:56]  ->  Run finished and writen to temporary datatbase table
INFO [2026-09-16 17:44:56] Starting imputation run for year=1989, educ= 3 and east = 1
SUCCESS [2026-09-16 17:44:56]  ->  Run finished and writen to temporary datatbase table
INFO [2026-09-16 17:44:56] Starting imputation run for year=1990, educ= 1 and east = 0
SUCCESS [2026-09-16 17:44:56]  ->  Run finished and writen to temporary datatbase table
INFO [2026-09-16 17:44:56] Starting imputation run for year=1990, educ= 2 and east = 0
SUCCESS [2026-09-16 17:44:56]  ->  Run finished and writen to temporary datatbase table
INFO [2026-09-16 17:44:57] Starting imputation run for year=1990, educ= 3 and east = 0
SUCCESS [2026-09-16 17:44:57]  ->  Run finished and writen to temporary datatbase table
INFO [2026-09-16 17:44:57] Starting imputation run for year=1990, educ= 1 and east = 1
SUCCESS [2026-09-16 17:44:57]  ->  Run finished and writen to temporary datatbase table
INFO [2026-09-16 17:44:57] Starting imputation run for year=1990, educ= 2 and east = 1
SUCCESS [2026-09-16 17:44:57]  ->  Run finished and writen to temporary datatbase table
INFO [2026-09-16 17:44:57] Starting imputation run for year=1990, educ= 3 and east = 1
SUCCESS [2026-09-16 17:44:57]  ->  Run finished and writen to temporary datatbase table
INFO [2026-09-16 17:44:57] Starting imputation run for year=1991, educ= 1 and east = 0
SUCCESS [2026-09-16 17:44:57]  ->  Run finished and writen to temporary datatbase table
INFO [2026-09-16 17:44:57] Starting imputation run for year=1991, educ= 2 and east = 0
SUCCESS [2026-09-16 17:44:57]  ->  Run finished and writen to temporary datatbase table
INFO [2026-09-16 17:44:58] Starting imputation run for year=1991, educ= 3 and east = 0
SUCCESS [2026-09-16 17:44:58]  ->  Run finished and writen to temporary datatbase table
INFO [2026-09-16 17:44:58] Starting imputation run for year=1991, educ= 1 and east = 1
SUCCESS [2026-09-16 17:44:58]  ->  Run finished and writen to temporary datatbase table
INFO [2026-09-16 17:44:58] Starting imputation run for year=1991, educ= 2 and east = 1
SUCCESS [2026-09-16 17:44:58]  ->  Run finished and writen to temporary datatbase table
INFO [2026-09-16 17:44:58] Starting imputation run for year=1991, educ= 3 and east = 1
SUCCESS [2026-09-16 17:44:58]  ->  Run finished and writen to temporary datatbase table
INFO [2026-09-16 17:44:58] Starting imputation run for year=1992, educ= 1 and east = 0
SUCCESS [2026-09-16 17:44:58]  ->  Run finished and writen to temporary datatbase table
INFO [2026-09-16 17:44:58] Starting imputation run for year=1992, educ= 2 and east = 0
SUCCESS [2026-09-16 17:44:58]  ->  Run finished and writen to temporary datatbase table
INFO [2026-09-16 17:44:58] Starting imputation run for year=1992, educ= 3 and east = 0
SUCCESS [2026-09-16 17:44:58]  ->  Run finished and writen to temporary datatbase table
INFO [2026-09-16 17:44:59] Starting imputation run for year=1992, educ= 1 and east = 1
SUCCESS [2026-09-16 17:44:59]  ->  Run finished and writen to temporary datatbase table
INFO [2026-09-16 17:44:59] Starting imputation run for year=1992, educ= 2 and east = 1
SUCCESS [2026-09-16 17:44:59]  ->  Run finished and writen to temporary datatbase table
INFO [2026-09-16 17:44:59] Starting imputation run for year=1992, educ= 3 and east = 1
SUCCESS [2026-09-16 17:44:59]  ->  Run finished and writen to temporary datatbase table
INFO [2026-09-16 17:44:59] Starting imputation run for year=1993, educ= 1 and east = 0
SUCCESS [2026-09-16 17:44:59]  ->  Run finished and writen to temporary datatbase table
INFO [2026-09-16 17:44:59] Starting imputation run for year=1993, educ= 2 and east = 0
SUCCESS [2026-09-16 17:44:59]  ->  Run finished and writen to temporary datatbase table
INFO [2026-09-16 17:44:59] Starting imputation run for year=1993, educ= 3 and east = 0
SUCCESS [2026-09-16 17:44:59]  ->  Run finished and writen to temporary datatbase table
INFO [2026-09-16 17:45:00] Starting imputation run for year=1993, educ= 1 and east = 1
SUCCESS [2026-09-16 17:45:00]  ->  Run finished and writen to temporary datatbase table
INFO [2026-09-16 17:45:00] Starting imputation run for year=1993, educ= 2 and east = 1
SUCCESS [2026-09-16 17:45:00]  ->  Run finished and writen to temporary datatbase table
INFO [2026-09-16 17:45:00] Starting imputation run for year=1993, educ= 3 and east = 1
SUCCESS [2026-09-16 17:45:00]  ->  Run finished and writen to temporary datatbase table
INFO [2026-09-16 17:45:00] Starting imputation run for year=1994, educ= 1 and east = 0
SUCCESS [2026-09-16 17:45:00]  ->  Run finished and writen to temporary datatbase table
INFO [2026-09-16 17:45:00] Starting imputation run for year=1994, educ= 2 and east = 0
SUCCESS [2026-09-16 17:45:00]  ->  Run finished and writen to temporary datatbase table
INFO [2026-09-16 17:45:00] Starting imputation run for year=1994, educ= 3 and east = 0
SUCCESS [2026-09-16 17:45:00]  ->  Run finished and writen to temporary datatbase table
INFO [2026-09-16 17:45:00] Starting imputation run for year=1994, educ= 1 and east = 1
SUCCESS [2026-09-16 17:45:01]  ->  Run finished and writen to temporary datatbase table
INFO [2026-09-16 17:45:01] Starting imputation run for year=1994, educ= 2 and east = 1
SUCCESS [2026-09-16 17:45:01]  ->  Run finished and writen to temporary datatbase table
INFO [2026-09-16 17:45:01] Starting imputation run for year=1994, educ= 3 and east = 1
SUCCESS [2026-09-16 17:45:01]  ->  Run finished and writen to temporary datatbase table
INFO [2026-09-16 17:45:01] Starting imputation run for year=1995, educ= 1 and east = 0
SUCCESS [2026-09-16 17:45:01]  ->  Run finished and writen to temporary datatbase table
INFO [2026-09-16 17:45:01] Starting imputation run for year=1995, educ= 2 and east = 0
SUCCESS [2026-09-16 17:45:01]  ->  Run finished and writen to temporary datatbase table
INFO [2026-09-16 17:45:01] Starting imputation run for year=1995, educ= 3 and east = 0
SUCCESS [2026-09-16 17:45:01]  ->  Run finished and writen to temporary datatbase table
INFO [2026-09-16 17:45:01] Starting imputation run for year=1995, educ= 1 and east = 1
SUCCESS [2026-09-16 17:45:01]  ->  Run finished and writen to temporary datatbase table
INFO [2026-09-16 17:45:02] Starting imputation run for year=1995, educ= 2 and east = 1
SUCCESS [2026-09-16 17:45:02]  ->  Run finished and writen to temporary datatbase table
INFO [2026-09-16 17:45:02] Starting imputation run for year=1995, educ= 3 and east = 1
SUCCESS [2026-09-16 17:45:02]  ->  Run finished and writen to temporary datatbase table
INFO [2026-09-16 17:45:02] Starting imputation run for year=1996, educ= 1 and east = 0
SUCCESS [2026-09-16 17:45:02]  ->  Run finished and writen to temporary datatbase table
INFO [2026-09-16 17:45:02] Starting imputation run for year=1996, educ= 2 and east = 0
SUCCESS [2026-09-16 17:45:02]  ->  Run finished and writen to temporary datatbase table
INFO [2026-09-16 17:45:02] Starting imputation run for year=1996, educ= 3 and east = 0
SUCCESS [2026-09-16 17:45:02]  ->  Run finished and writen to temporary datatbase table
INFO [2026-09-16 17:45:02] Starting imputation run for year=1996, educ= 1 and east = 1
SUCCESS [2026-09-16 17:45:03]  ->  Run finished and writen to temporary datatbase table
INFO [2026-09-16 17:45:03] Starting imputation run for year=1996, educ= 2 and east = 1
SUCCESS [2026-09-16 17:45:03]  ->  Run finished and writen to temporary datatbase table
INFO [2026-09-16 17:45:03] Starting imputation run for year=1996, educ= 3 and east = 1
SUCCESS [2026-09-16 17:45:03]  ->  Run finished and writen to temporary datatbase table
INFO [2026-09-16 17:45:03] Starting imputation run for year=1997, educ= 1 and east = 0
SUCCESS [2026-09-16 17:45:03]  ->  Run finished and writen to temporary datatbase table
INFO [2026-09-16 17:45:03] Starting imputation run for year=1997, educ= 2 and east = 0
SUCCESS [2026-09-16 17:45:03]  ->  Run finished and writen to temporary datatbase table
INFO [2026-09-16 17:45:03] Starting imputation run for year=1997, educ= 3 and east = 0
SUCCESS [2026-09-16 17:45:03]  ->  Run finished and writen to temporary datatbase table
INFO [2026-09-16 17:45:03] Starting imputation run for year=1997, educ= 1 and east = 1
SUCCESS [2026-09-16 17:45:04]  ->  Run finished and writen to temporary datatbase table
INFO [2026-09-16 17:45:04] Starting imputation run for year=1997, educ= 2 and east = 1
SUCCESS [2026-09-16 17:45:04]  ->  Run finished and writen to temporary datatbase table
INFO [2026-09-16 17:45:04] Starting imputation run for year=1997, educ= 3 and east = 1
SUCCESS [2026-09-16 17:45:04]  ->  Run finished and writen to temporary datatbase table
INFO [2026-09-16 17:45:04] Starting imputation run for year=1998, educ= 1 and east = 0
SUCCESS [2026-09-16 17:45:04]  ->  Run finished and writen to temporary datatbase table
INFO [2026-09-16 17:45:04] Starting imputation run for year=1998, educ= 2 and east = 0
SUCCESS [2026-09-16 17:45:04]  ->  Run finished and writen to temporary datatbase table
INFO [2026-09-16 17:45:04] Starting imputation run for year=1998, educ= 3 and east = 0
SUCCESS [2026-09-16 17:45:04]  ->  Run finished and writen to temporary datatbase table
INFO [2026-09-16 17:45:04] Starting imputation run for year=1998, educ= 1 and east = 1
SUCCESS [2026-09-16 17:45:04]  ->  Run finished and writen to temporary datatbase table
INFO [2026-09-16 17:45:04] Starting imputation run for year=1998, educ= 2 and east = 1
SUCCESS [2026-09-16 17:45:05]  ->  Run finished and writen to temporary datatbase table
INFO [2026-09-16 17:45:05] Starting imputation run for year=1998, educ= 3 and east = 1
SUCCESS [2026-09-16 17:45:05]  ->  Run finished and writen to temporary datatbase table
INFO [2026-09-16 17:45:05] Starting imputation run for year=1999, educ= 1 and east = 0
SUCCESS [2026-09-16 17:45:05]  ->  Run finished and writen to temporary datatbase table
INFO [2026-09-16 17:45:05] Starting imputation run for year=1999, educ= 2 and east = 0
SUCCESS [2026-09-16 17:45:05]  ->  Run finished and writen to temporary datatbase table
INFO [2026-09-16 17:45:05] Starting imputation run for year=1999, educ= 3 and east = 0
SUCCESS [2026-09-16 17:45:05]  ->  Run finished and writen to temporary datatbase table
INFO [2026-09-16 17:45:05] Starting imputation run for year=1999, educ= 1 and east = 1
SUCCESS [2026-09-16 17:45:05]  ->  Run finished and writen to temporary datatbase table
INFO [2026-09-16 17:45:05] Starting imputation run for year=1999, educ= 2 and east = 1
SUCCESS [2026-09-16 17:45:05]  ->  Run finished and writen to temporary datatbase table
INFO [2026-09-16 17:45:06] Starting imputation run for year=1999, educ= 3 and east = 1
SUCCESS [2026-09-16 17:45:06]  ->  Run finished and writen to temporary datatbase table
INFO [2026-09-16 17:45:06] Starting imputation run for year=2000, educ= 1 and east = 0
SUCCESS [2026-09-16 17:45:06]  ->  Run finished and writen to temporary datatbase table
INFO [2026-09-16 17:45:06] Starting imputation run for year=2000, educ= 2 and east = 0
SUCCESS [2026-09-16 17:45:06]  ->  Run finished and writen to temporary datatbase table
INFO [2026-09-16 17:45:06] Starting imputation run for year=2000, educ= 3 and east = 0
SUCCESS [2026-09-16 17:45:06]  ->  Run finished and writen to temporary datatbase table
INFO [2026-09-16 17:45:06] Starting imputation run for year=2000, educ= 1 and east = 1
SUCCESS [2026-09-16 17:45:06]  ->  Run finished and writen to temporary datatbase table
INFO [2026-09-16 17:45:06] Starting imputation run for year=2000, educ= 2 and east = 1
SUCCESS [2026-09-16 17:45:06]  ->  Run finished and writen to temporary datatbase table
INFO [2026-09-16 17:45:06] Starting imputation run for year=2000, educ= 3 and east = 1
SUCCESS [2026-09-16 17:45:07]  ->  Run finished and writen to temporary datatbase table
INFO [2026-09-16 17:45:07] Starting imputation run for year=2001, educ= 1 and east = 0
SUCCESS [2026-09-16 17:45:07]  ->  Run finished and writen to temporary datatbase table
INFO [2026-09-16 17:45:07] Starting imputation run for year=2001, educ= 2 and east = 0
SUCCESS [2026-09-16 17:45:07]  ->  Run finished and writen to temporary datatbase table
INFO [2026-09-16 17:45:07] Starting imputation run for year=2001, educ= 3 and east = 0
SUCCESS [2026-09-16 17:45:07]  ->  Run finished and writen to temporary datatbase table
INFO [2026-09-16 17:45:07] Starting imputation run for year=2001, educ= 1 and east = 1
SUCCESS [2026-09-16 17:45:07]  ->  Run finished and writen to temporary datatbase table
INFO [2026-09-16 17:45:07] Starting imputation run for year=2001, educ= 2 and east = 1
SUCCESS [2026-09-16 17:45:07]  ->  Run finished and writen to temporary datatbase table
INFO [2026-09-16 17:45:07] Starting imputation run for year=2001, educ= 3 and east = 1
SUCCESS [2026-09-16 17:45:08]  ->  Run finished and writen to temporary datatbase table
INFO [2026-09-16 17:45:08] Starting imputation run for year=2002, educ= 1 and east = 0
SUCCESS [2026-09-16 17:45:08]  ->  Run finished and writen to temporary datatbase table
INFO [2026-09-16 17:45:08] Starting imputation run for year=2002, educ= 2 and east = 0
SUCCESS [2026-09-16 17:45:08]  ->  Run finished and writen to temporary datatbase table
INFO [2026-09-16 17:45:08] Starting imputation run for year=2002, educ= 3 and east = 0
SUCCESS [2026-09-16 17:45:08]  ->  Run finished and writen to temporary datatbase table
INFO [2026-09-16 17:45:08] Starting imputation run for year=2002, educ= 1 and east = 1
SUCCESS [2026-09-16 17:45:08]  ->  Run finished and writen to temporary datatbase table
INFO [2026-09-16 17:45:08] Starting imputation run for year=2002, educ= 2 and east = 1
SUCCESS [2026-09-16 17:45:08]  ->  Run finished and writen to temporary datatbase table
INFO [2026-09-16 17:45:08] Starting imputation run for year=2002, educ= 3 and east = 1
SUCCESS [2026-09-16 17:45:08]  ->  Run finished and writen to temporary datatbase table
INFO [2026-09-16 17:45:09] Starting imputation run for year=2003, educ= 1 and east = 0
SUCCESS [2026-09-16 17:45:09]  ->  Run finished and writen to temporary datatbase table
INFO [2026-09-16 17:45:09] Starting imputation run for year=2003, educ= 2 and east = 0
SUCCESS [2026-09-16 17:45:09]  ->  Run finished and writen to temporary datatbase table
INFO [2026-09-16 17:45:09] Starting imputation run for year=2003, educ= 3 and east = 0
SUCCESS [2026-09-16 17:45:09]  ->  Run finished and writen to temporary datatbase table
INFO [2026-09-16 17:45:09] Starting imputation run for year=2003, educ= 1 and east = 1
SUCCESS [2026-09-16 17:45:09]  ->  Run finished and writen to temporary datatbase table
INFO [2026-09-16 17:45:09] Starting imputation run for year=2003, educ= 2 and east = 1
SUCCESS [2026-09-16 17:45:09]  ->  Run finished and writen to temporary datatbase table
INFO [2026-09-16 17:45:09] Starting imputation run for year=2003, educ= 3 and east = 1
SUCCESS [2026-09-16 17:45:09]  ->  Run finished and writen to temporary datatbase table
INFO [2026-09-16 17:45:09] Starting imputation run for year=2004, educ= 1 and east = 0
SUCCESS [2026-09-16 17:45:10]  ->  Run finished and writen to temporary datatbase table
INFO [2026-09-16 17:45:10] Starting imputation run for year=2004, educ= 2 and east = 0
SUCCESS [2026-09-16 17:45:10]  ->  Run finished and writen to temporary datatbase table
INFO [2026-09-16 17:45:10] Starting imputation run for year=2004, educ= 3 and east = 0
SUCCESS [2026-09-16 17:45:10]  ->  Run finished and writen to temporary datatbase table
INFO [2026-09-16 17:45:10] Starting imputation run for year=2004, educ= 1 and east = 1
SUCCESS [2026-09-16 17:45:10]  ->  Run finished and writen to temporary datatbase table
INFO [2026-09-16 17:45:10] Starting imputation run for year=2004, educ= 2 and east = 1
SUCCESS [2026-09-16 17:45:10]  ->  Run finished and writen to temporary datatbase table
INFO [2026-09-16 17:45:10] Starting imputation run for year=2004, educ= 3 and east = 1
SUCCESS [2026-09-16 17:45:10]  ->  Run finished and writen to temporary datatbase table
INFO [2026-09-16 17:45:10] Starting imputation run for year=2005, educ= 1 and east = 0
SUCCESS [2026-09-16 17:45:10]  ->  Run finished and writen to temporary datatbase table
INFO [2026-09-16 17:45:11] Starting imputation run for year=2005, educ= 2 and east = 0
SUCCESS [2026-09-16 17:45:11]  ->  Run finished and writen to temporary datatbase table
INFO [2026-09-16 17:45:11] Starting imputation run for year=2005, educ= 3 and east = 0
SUCCESS [2026-09-16 17:45:11]  ->  Run finished and writen to temporary datatbase table
INFO [2026-09-16 17:45:11] Starting imputation run for year=2005, educ= 1 and east = 1
SUCCESS [2026-09-16 17:45:11]  ->  Run finished and writen to temporary datatbase table
INFO [2026-09-16 17:45:11] Starting imputation run for year=2005, educ= 2 and east = 1
SUCCESS [2026-09-16 17:45:11]  ->  Run finished and writen to temporary datatbase table
INFO [2026-09-16 17:45:11] Starting imputation run for year=2005, educ= 3 and east = 1
SUCCESS [2026-09-16 17:45:11]  ->  Run finished and writen to temporary datatbase table
INFO [2026-09-16 17:45:11] Starting imputation run for year=2006, educ= 1 and east = 0
SUCCESS [2026-09-16 17:45:11]  ->  Run finished and writen to temporary datatbase table
INFO [2026-09-16 17:45:11] Starting imputation run for year=2006, educ= 2 and east = 0
SUCCESS [2026-09-16 17:45:11]  ->  Run finished and writen to temporary datatbase table
INFO [2026-09-16 17:45:12] Starting imputation run for year=2006, educ= 3 and east = 0
SUCCESS [2026-09-16 17:45:12]  ->  Run finished and writen to temporary datatbase table
INFO [2026-09-16 17:45:12] Starting imputation run for year=2006, educ= 1 and east = 1
SUCCESS [2026-09-16 17:45:12]  ->  Run finished and writen to temporary datatbase table
INFO [2026-09-16 17:45:12] Starting imputation run for year=2006, educ= 2 and east = 1
SUCCESS [2026-09-16 17:45:12]  ->  Run finished and writen to temporary datatbase table
INFO [2026-09-16 17:45:12] Starting imputation run for year=2006, educ= 3 and east = 1
SUCCESS [2026-09-16 17:45:12]  ->  Run finished and writen to temporary datatbase table
INFO [2026-09-16 17:45:12] Starting imputation run for year=2007, educ= 1 and east = 0
SUCCESS [2026-09-16 17:45:12]  ->  Run finished and writen to temporary datatbase table
INFO [2026-09-16 17:45:12] Starting imputation run for year=2007, educ= 2 and east = 0
SUCCESS [2026-09-16 17:45:12]  ->  Run finished and writen to temporary datatbase table
INFO [2026-09-16 17:45:12] Starting imputation run for year=2007, educ= 3 and east = 0
SUCCESS [2026-09-16 17:45:13]  ->  Run finished and writen to temporary datatbase table
INFO [2026-09-16 17:45:13] Starting imputation run for year=2007, educ= 1 and east = 1
SUCCESS [2026-09-16 17:45:13]  ->  Run finished and writen to temporary datatbase table
INFO [2026-09-16 17:45:13] Starting imputation run for year=2007, educ= 2 and east = 1
SUCCESS [2026-09-16 17:45:13]  ->  Run finished and writen to temporary datatbase table
INFO [2026-09-16 17:45:13] Starting imputation run for year=2007, educ= 3 and east = 1
SUCCESS [2026-09-16 17:45:13]  ->  Run finished and writen to temporary datatbase table
INFO [2026-09-16 17:45:13] Starting imputation run for year=2008, educ= 1 and east = 0
SUCCESS [2026-09-16 17:45:13]  ->  Run finished and writen to temporary datatbase table
INFO [2026-09-16 17:45:13] Starting imputation run for year=2008, educ= 2 and east = 0
SUCCESS [2026-09-16 17:45:13]  ->  Run finished and writen to temporary datatbase table
INFO [2026-09-16 17:45:13] Starting imputation run for year=2008, educ= 3 and east = 0
SUCCESS [2026-09-16 17:45:13]  ->  Run finished and writen to temporary datatbase table
INFO [2026-09-16 17:45:14] Starting imputation run for year=2008, educ= 1 and east = 1
SUCCESS [2026-09-16 17:45:14]  ->  Run finished and writen to temporary datatbase table
INFO [2026-09-16 17:45:14] Starting imputation run for year=2008, educ= 2 and east = 1
SUCCESS [2026-09-16 17:45:14]  ->  Run finished and writen to temporary datatbase table
INFO [2026-09-16 17:45:14] Starting imputation run for year=2008, educ= 3 and east = 1
SUCCESS [2026-09-16 17:45:14]  ->  Run finished and writen to temporary datatbase table
INFO [2026-09-16 17:45:14] Starting imputation run for year=2009, educ= 1 and east = 0
SUCCESS [2026-09-16 17:45:14]  ->  Run finished and writen to temporary datatbase table
INFO [2026-09-16 17:45:14] Starting imputation run for year=2009, educ= 2 and east = 0
SUCCESS [2026-09-16 17:45:14]  ->  Run finished and writen to temporary datatbase table
INFO [2026-09-16 17:45:14] Starting imputation run for year=2009, educ= 3 and east = 0
SUCCESS [2026-09-16 17:45:14]  ->  Run finished and writen to temporary datatbase table
INFO [2026-09-16 17:45:15] Starting imputation run for year=2009, educ= 1 and east = 1
SUCCESS [2026-09-16 17:45:15]  ->  Run finished and writen to temporary datatbase table
INFO [2026-09-16 17:45:15] Starting imputation run for year=2009, educ= 2 and east = 1
SUCCESS [2026-09-16 17:45:15]  ->  Run finished and writen to temporary datatbase table
INFO [2026-09-16 17:45:15] Starting imputation run for year=2009, educ= 3 and east = 1
SUCCESS [2026-09-16 17:45:15]  ->  Run finished and writen to temporary datatbase table
INFO [2026-09-16 17:45:15] Starting imputation run for year=2010, educ= 1 and east = 0
SUCCESS [2026-09-16 17:45:15]  ->  Run finished and writen to temporary datatbase table
INFO [2026-09-16 17:45:15] Starting imputation run for year=2010, educ= 2 and east = 0
SUCCESS [2026-09-16 17:45:15]  ->  Run finished and writen to temporary datatbase table
INFO [2026-09-16 17:45:15] Starting imputation run for year=2010, educ= 3 and east = 0
SUCCESS [2026-09-16 17:45:15]  ->  Run finished and writen to temporary datatbase table
INFO [2026-09-16 17:45:15] Starting imputation run for year=2010, educ= 1 and east = 1
SUCCESS [2026-09-16 17:45:15]  ->  Run finished and writen to temporary datatbase table
INFO [2026-09-16 17:45:16] Starting imputation run for year=2010, educ= 2 and east = 1
SUCCESS [2026-09-16 17:45:16]  ->  Run finished and writen to temporary datatbase table
INFO [2026-09-16 17:45:16] Starting imputation run for year=2010, educ= 3 and east = 1
SUCCESS [2026-09-16 17:45:16]  ->  Run finished and writen to temporary datatbase table
INFO [2026-09-16 17:45:16] Starting imputation run for year=2011, educ= 1 and east = 0
SUCCESS [2026-09-16 17:45:16]  ->  Run finished and writen to temporary datatbase table
INFO [2026-09-16 17:45:16] Starting imputation run for year=2011, educ= 2 and east = 0
SUCCESS [2026-09-16 17:45:16]  ->  Run finished and writen to temporary datatbase table
INFO [2026-09-16 17:45:16] Starting imputation run for year=2011, educ= 3 and east = 0
SUCCESS [2026-09-16 17:45:16]  ->  Run finished and writen to temporary datatbase table
INFO [2026-09-16 17:45:16] Starting imputation run for year=2011, educ= 1 and east = 1
SUCCESS [2026-09-16 17:45:16]  ->  Run finished and writen to temporary datatbase table
INFO [2026-09-16 17:45:17] Starting imputation run for year=2011, educ= 2 and east = 1
SUCCESS [2026-09-16 17:45:17]  ->  Run finished and writen to temporary datatbase table
INFO [2026-09-16 17:45:17] Starting imputation run for year=2011, educ= 3 and east = 1
SUCCESS [2026-09-16 17:45:17]  ->  Run finished and writen to temporary datatbase table
INFO [2026-09-16 17:45:17] Starting imputation run for year=2012, educ= 1 and east = 0
SUCCESS [2026-09-16 17:45:17]  ->  Run finished and writen to temporary datatbase table
INFO [2026-09-16 17:45:17] Starting imputation run for year=2012, educ= 2 and east = 0
SUCCESS [2026-09-16 17:45:17]  ->  Run finished and writen to temporary datatbase table
INFO [2026-09-16 17:45:17] Starting imputation run for year=2012, educ= 3 and east = 0
SUCCESS [2026-09-16 17:45:17]  ->  Run finished and writen to temporary datatbase table
INFO [2026-09-16 17:45:17] Starting imputation run for year=2012, educ= 1 and east = 1
SUCCESS [2026-09-16 17:45:17]  ->  Run finished and writen to temporary datatbase table
INFO [2026-09-16 17:45:17] Starting imputation run for year=2012, educ= 2 and east = 1
SUCCESS [2026-09-16 17:45:17]  ->  Run finished and writen to temporary datatbase table
INFO [2026-09-16 17:45:18] Starting imputation run for year=2012, educ= 3 and east = 1
SUCCESS [2026-09-16 17:45:18]  ->  Run finished and writen to temporary datatbase table
INFO [2026-09-16 17:45:18] Starting imputation run for year=2013, educ= 1 and east = 0
SUCCESS [2026-09-16 17:45:18]  ->  Run finished and writen to temporary datatbase table
INFO [2026-09-16 17:45:18] Starting imputation run for year=2013, educ= 2 and east = 0
SUCCESS [2026-09-16 17:45:18]  ->  Run finished and writen to temporary datatbase table
INFO [2026-09-16 17:45:18] Starting imputation run for year=2013, educ= 3 and east = 0
SUCCESS [2026-09-16 17:45:18]  ->  Run finished and writen to temporary datatbase table
INFO [2026-09-16 17:45:18] Starting imputation run for year=2013, educ= 1 and east = 1
SUCCESS [2026-09-16 17:45:18]  ->  Run finished and writen to temporary datatbase table
INFO [2026-09-16 17:45:18] Starting imputation run for year=2013, educ= 2 and east = 1
SUCCESS [2026-09-16 17:45:18]  ->  Run finished and writen to temporary datatbase table
INFO [2026-09-16 17:45:19] Starting imputation run for year=2013, educ= 3 and east = 1
SUCCESS [2026-09-16 17:45:19]  ->  Run finished and writen to temporary datatbase table
INFO [2026-09-16 17:45:19] Starting imputation run for year=2014, educ= 1 and east = 0
SUCCESS [2026-09-16 17:45:19]  ->  Run finished and writen to temporary datatbase table
INFO [2026-09-16 17:45:19] Starting imputation run for year=2014, educ= 2 and east = 0
SUCCESS [2026-09-16 17:45:19]  ->  Run finished and writen to temporary datatbase table
INFO [2026-09-16 17:45:19] Starting imputation run for year=2014, educ= 3 and east = 0
SUCCESS [2026-09-16 17:45:19]  ->  Run finished and writen to temporary datatbase table
INFO [2026-09-16 17:45:19] Starting imputation run for year=2014, educ= 1 and east = 1
SUCCESS [2026-09-16 17:45:19]  ->  Run finished and writen to temporary datatbase table
INFO [2026-09-16 17:45:19] Starting imputation run for year=2014, educ= 2 and east = 1
SUCCESS [2026-09-16 17:45:19]  ->  Run finished and writen to temporary datatbase table
INFO [2026-09-16 17:45:19] Starting imputation run for year=2014, educ= 3 and east = 1
SUCCESS [2026-09-16 17:45:20]  ->  Run finished and writen to temporary datatbase table
INFO [2026-09-16 17:45:20] Starting imputation run for year=2015, educ= 1 and east = 0
SUCCESS [2026-09-16 17:45:20]  ->  Run finished and writen to temporary datatbase table
INFO [2026-09-16 17:45:20] Starting imputation run for year=2015, educ= 2 and east = 0
SUCCESS [2026-09-16 17:45:20]  ->  Run finished and writen to temporary datatbase table
INFO [2026-09-16 17:45:20] Starting imputation run for year=2015, educ= 3 and east = 0
SUCCESS [2026-09-16 17:45:20]  ->  Run finished and writen to temporary datatbase table
INFO [2026-09-16 17:45:20] Starting imputation run for year=2015, educ= 1 and east = 1
SUCCESS [2026-09-16 17:45:20]  ->  Run finished and writen to temporary datatbase table
INFO [2026-09-16 17:45:20] Starting imputation run for year=2015, educ= 2 and east = 1
SUCCESS [2026-09-16 17:45:20]  ->  Run finished and writen to temporary datatbase table
INFO [2026-09-16 17:45:20] Starting imputation run for year=2015, educ= 3 and east = 1
SUCCESS [2026-09-16 17:45:20]  ->  Run finished and writen to temporary datatbase table
INFO [2026-09-16 17:45:21] Starting imputation run for year=2016, educ= 1 and east = 0
SUCCESS [2026-09-16 17:45:21]  ->  Run finished and writen to temporary datatbase table
INFO [2026-09-16 17:45:21] Starting imputation run for year=2016, educ= 2 and east = 0
SUCCESS [2026-09-16 17:45:21]  ->  Run finished and writen to temporary datatbase table
INFO [2026-09-16 17:45:21] Starting imputation run for year=2016, educ= 3 and east = 0
SUCCESS [2026-09-16 17:45:21]  ->  Run finished and writen to temporary datatbase table
INFO [2026-09-16 17:45:21] Starting imputation run for year=2016, educ= 1 and east = 1
SUCCESS [2026-09-16 17:45:21]  ->  Run finished and writen to temporary datatbase table
INFO [2026-09-16 17:45:21] Starting imputation run for year=2016, educ= 2 and east = 1
SUCCESS [2026-09-16 17:45:21]  ->  Run finished and writen to temporary datatbase table
INFO [2026-09-16 17:45:21] Starting imputation run for year=2016, educ= 3 and east = 1
SUCCESS [2026-09-16 17:45:21]  ->  Run finished and writen to temporary datatbase table
INFO [2026-09-16 17:45:21] Starting imputation run for year=2017, educ= 1 and east = 0
SUCCESS [2026-09-16 17:45:22]  ->  Run finished and writen to temporary datatbase table
INFO [2026-09-16 17:45:22] Starting imputation run for year=2017, educ= 2 and east = 0
SUCCESS [2026-09-16 17:45:22]  ->  Run finished and writen to temporary datatbase table
INFO [2026-09-16 17:45:22] Starting imputation run for year=2017, educ= 3 and east = 0
SUCCESS [2026-09-16 17:45:22]  ->  Run finished and writen to temporary datatbase table
INFO [2026-09-16 17:45:22] Starting imputation run for year=2017, educ= 1 and east = 1
SUCCESS [2026-09-16 17:45:22]  ->  Run finished and writen to temporary datatbase table
INFO [2026-09-16 17:45:22] Starting imputation run for year=2017, educ= 2 and east = 1
SUCCESS [2026-09-16 17:45:22]  ->  Run finished and writen to temporary datatbase table
INFO [2026-09-16 17:45:22] Starting imputation run for year=2017, educ= 3 and east = 1
SUCCESS [2026-09-16 17:45:22]  ->  Run finished and writen to temporary datatbase table
INFO [2026-09-16 17:45:22] Starting imputation run for year=2018, educ= 1 and east = 0
SUCCESS [2026-09-16 17:45:23]  ->  Run finished and writen to temporary datatbase table
INFO [2026-09-16 17:45:23] Starting imputation run for year=2018, educ= 2 and east = 0
SUCCESS [2026-09-16 17:45:23]  ->  Run finished and writen to temporary datatbase table
INFO [2026-09-16 17:45:23] Starting imputation run for year=2018, educ= 3 and east = 0
SUCCESS [2026-09-16 17:45:23]  ->  Run finished and writen to temporary datatbase table
INFO [2026-09-16 17:45:23] Starting imputation run for year=2018, educ= 1 and east = 1
SUCCESS [2026-09-16 17:45:23]  ->  Run finished and writen to temporary datatbase table
INFO [2026-09-16 17:45:23] Starting imputation run for year=2018, educ= 2 and east = 1
SUCCESS [2026-09-16 17:45:23]  ->  Run finished and writen to temporary datatbase table
INFO [2026-09-16 17:45:23] Starting imputation run for year=2018, educ= 3 and east = 1
SUCCESS [2026-09-16 17:45:23]  ->  Run finished and writen to temporary datatbase table
INFO [2026-09-16 17:45:23] Starting imputation run for year=2019, educ= 1 and east = 0
SUCCESS [2026-09-16 17:45:23]  ->  Run finished and writen to temporary datatbase table
INFO [2026-09-16 17:45:24] Starting imputation run for year=2019, educ= 2 and east = 0
SUCCESS [2026-09-16 17:45:24]  ->  Run finished and writen to temporary datatbase table
INFO [2026-09-16 17:45:24] Starting imputation run for year=2019, educ= 3 and east = 0
SUCCESS [2026-09-16 17:45:24]  ->  Run finished and writen to temporary datatbase table
INFO [2026-09-16 17:45:24] Starting imputation run for year=2019, educ= 1 and east = 1
SUCCESS [2026-09-16 17:45:24]  ->  Run finished and writen to temporary datatbase table
INFO [2026-09-16 17:45:24] Starting imputation run for year=2019, educ= 2 and east = 1
SUCCESS [2026-09-16 17:45:24]  ->  Run finished and writen to temporary datatbase table
INFO [2026-09-16 17:45:24] Starting imputation run for year=2019, educ= 3 and east = 1
SUCCESS [2026-09-16 17:45:24]  ->  Run finished and writen to temporary datatbase table
INFO [2026-09-16 17:45:24] Starting imputation run for year=2020, educ= 1 and east = 0
SUCCESS [2026-09-16 17:45:24]  ->  Run finished and writen to temporary datatbase table
INFO [2026-09-16 17:45:24] Starting imputation run for year=2020, educ= 2 and east = 0
SUCCESS [2026-09-16 17:45:25]  ->  Run finished and writen to temporary datatbase table
INFO [2026-09-16 17:45:25] Starting imputation run for year=2020, educ= 3 and east = 0
SUCCESS [2026-09-16 17:45:25]  ->  Run finished and writen to temporary datatbase table
INFO [2026-09-16 17:45:25] Starting imputation run for year=2020, educ= 1 and east = 1
SUCCESS [2026-09-16 17:45:25]  ->  Run finished and writen to temporary datatbase table
INFO [2026-09-16 17:45:25] Starting imputation run for year=2020, educ= 2 and east = 1
SUCCESS [2026-09-16 17:45:25]  ->  Run finished and writen to temporary datatbase table
INFO [2026-09-16 17:45:25] Starting imputation run for year=2020, educ= 3 and east = 1
SUCCESS [2026-09-16 17:45:25]  ->  Run finished and writen to temporary datatbase table
INFO [2026-09-16 17:45:25] Starting imputation run for year=2021, educ= 1 and east = 0
SUCCESS [2026-09-16 17:45:25]  ->  Run finished and writen to temporary datatbase table
INFO [2026-09-16 17:45:25] Starting imputation run for year=2021, educ= 2 and east = 0
SUCCESS [2026-09-16 17:45:25]  ->  Run finished and writen to temporary datatbase table
INFO [2026-09-16 17:45:26] Starting imputation run for year=2021, educ= 3 and east = 0
SUCCESS [2026-09-16 17:45:26]  ->  Run finished and writen to temporary datatbase table
INFO [2026-09-16 17:45:26] Starting imputation run for year=2021, educ= 1 and east = 1
SUCCESS [2026-09-16 17:45:26]  ->  Run finished and writen to temporary datatbase table
INFO [2026-09-16 17:45:26] Starting imputation run for year=2021, educ= 2 and east = 1
SUCCESS [2026-09-16 17:45:26]  ->  Run finished and writen to temporary datatbase table
INFO [2026-09-16 17:45:26] Starting imputation run for year=2021, educ= 3 and east = 1
SUCCESS [2026-09-16 17:45:26]  ->  Run finished and writen to temporary datatbase table
INFO [2026-09-16 17:45:26] Starting imputation run for year=2022, educ= 1 and east = 0
SUCCESS [2026-09-16 17:45:26]  ->  Run finished and writen to temporary datatbase table
INFO [2026-09-16 17:45:26] Starting imputation run for year=2022, educ= 2 and east = 0
SUCCESS [2026-09-16 17:45:26]  ->  Run finished and writen to temporary datatbase table
INFO [2026-09-16 17:45:26] Starting imputation run for year=2022, educ= 3 and east = 0
SUCCESS [2026-09-16 17:45:27]  ->  Run finished and writen to temporary datatbase table
INFO [2026-09-16 17:45:27] Starting imputation run for year=2022, educ= 1 and east = 1
SUCCESS [2026-09-16 17:45:27]  ->  Run finished and writen to temporary datatbase table
INFO [2026-09-16 17:45:27] Starting imputation run for year=2022, educ= 2 and east = 1
SUCCESS [2026-09-16 17:45:27]  ->  Run finished and writen to temporary datatbase table
INFO [2026-09-16 17:45:27] Starting imputation run for year=2022, educ= 3 and east = 1
SUCCESS [2026-09-16 17:45:27]  ->  Run finished and writen to temporary datatbase table
INFO [2026-09-16 17:45:27] Starting imputation run for year=2023, educ= 1 and east = 0
SUCCESS [2026-09-16 17:45:27]  ->  Run finished and writen to temporary datatbase table
INFO [2026-09-16 17:45:27] Starting imputation run for year=2023, educ= 2 and east = 0
SUCCESS [2026-09-16 17:45:27]  ->  Run finished and writen to temporary datatbase table
INFO [2026-09-16 17:45:27] Starting imputation run for year=2023, educ= 3 and east = 0
SUCCESS [2026-09-16 17:45:27]  ->  Run finished and writen to temporary datatbase table
INFO [2026-09-16 17:45:28] Starting imputation run for year=2023, educ= 1 and east = 1
SUCCESS [2026-09-16 17:45:28]  ->  Run finished and writen to temporary datatbase table
INFO [2026-09-16 17:45:28] Starting imputation run for year=2023, educ= 2 and east = 1
SUCCESS [2026-09-16 17:45:28]  ->  Run finished and writen to temporary datatbase table
INFO [2026-09-16 17:45:28] Starting imputation run for year=2023, educ= 3 and east = 1
SUCCESS [2026-09-16 17:45:28]  ->  Run finished and writen to temporary datatbase table
INFO [2026-09-16 17:45:28] Merging imputed wage to main data
SUCCESS [2026-09-16 17:45:30]  ->  Imputed data merged back
INFO [2026-09-16 17:45:30] Deleting temporary imputation helper table from database
SUCCESS [2026-09-16 17:45:30]  ->  Table deleted
INFO [2026-09-16 17:45:30] Add imputed wages in levels
SUCCESS [2026-09-16 17:45:30]  ->  Imputed wages in levels added
SUCCESS [2026-09-16 17:45:31]  ->  Implausibly high wages bounded
INFO [2026-09-16 17:45:31] The following variables are deselected from the data for cleanup: old, age_sq, age_old, age_sq_old, tenure_sq, limit_assess4, ln_limit_assess4 and  ln_wage_cens
SUCCESS [2026-09-16 17:45:32]  ->  Cleanup finished
SUCCESS [2026-09-16 17:45:32] Wage imputation file finished
